     VMA      LMA     Size Align Out     In      Symbol
       0        0 80200000     1 . = 0x80200000
80200000 80200000      aea     4 .text
80200000 80200000        e     2         /tmp/kernel-aceac3.o:(.text.boot)
80200000 80200000        0     1                 
80200000 80200000        0     1                 
80200000 80200000        0     1                 $x.1
80200000 80200000        0     1                 
80200000 80200000        e     1                 boot
8020000e 8020000e        0     1                 
8020000e 8020000e        0     1                 
80200010 80200010      686     4         /tmp/kernel-aceac3.o:(.text)
80200010 80200010        0     1                 
80200010 80200010        0     1                 
80200010 80200010        0     1                 $x.0
80200010 80200010        0     1                 
80200010 80200010      1bc     1                 create_process
8020001e 8020001e        0     1                 
80200022 80200022        0     1                 
80200026 80200026        0     1                 
8020002a 8020002a        0     1                 .LBB0_1
8020002a 8020002a        0     1                 
80200030 80200030        0     1                 
8020003c 8020003c        0     1                 .LBB0_2
8020003c 8020003c        0     1                 
80200044 80200044        0     1                 
80200052 80200052        0     1                 
80200054 80200054        0     1                 
8020005e 8020005e        0     1                 .LBB0_3
8020005e 8020005e        0     1                 
80200066 80200066        0     1                 
80200074 80200074        0     1                 
80200078 80200078        0     1                 
8020007c 8020007c        0     1                 .LBB0_4
8020007c 8020007c        0     1                 
80200080 80200080        0     1                 .LBB0_5
80200080 80200080        0     1                 
8020008a 8020008a        0     1                 
8020008e 8020008e        0     1                 .LBB0_6
8020008e 8020008e        0     1                 
80200092 80200092        0     1                 
8020009c 8020009c        0     1                 .LBB0_7
8020009c 8020009c        0     1                 
802000a0 802000a0        0     1                 .LBB0_8
802000a0 802000a0        0     1                 
802000ba 802000ba        0     1                 .LBB0_9
802000be 802000be        0     1                 .LBB0_10
802000be 802000be        0     1                 
802000c8 802000c8        0     1                 
802000cc 802000cc        0     1                 
802000da 802000da        0     1                 
802000de 802000de        0     1                 
802000ea 802000ea        0     1                 
802000ee 802000ee        0     1                 
802000fa 802000fa        0     1                 
802000fe 802000fe        0     1                 
8020010a 8020010a        0     1                 
8020010e 8020010e        0     1                 
8020011a 8020011a        0     1                 
8020011e 8020011e        0     1                 
8020012a 8020012a        0     1                 
8020012e 8020012e        0     1                 
8020013a 8020013a        0     1                 
8020013e 8020013e        0     1                 
8020014a 8020014a        0     1                 
8020014e 8020014e        0     1                 
8020015a 8020015a        0     1                 
8020015e 8020015e        0     1                 
8020016a 8020016a        0     1                 
8020016e 8020016e        0     1                 
8020017a 8020017a        0     1                 
8020017e 8020017e        0     1                 
8020018a 8020018a        0     1                 
8020018e 8020018e        0     1                 
80200192 80200192        0     1                 
8020019e 8020019e        0     1                 
802001a2 802001a2        0     1                 
802001a6 802001a6        0     1                 
802001a8 802001a8        0     1                 
802001ac 802001ac        0     1                 
802001ae 802001ae        0     1                 
802001b4 802001b4        0     1                 
802001b6 802001b6        0     1                 
802001ba 802001ba        0     1                 
802001be 802001be        0     1                 
802001c0 802001c0        0     1                 
802001c8 802001c8        0     1                 
802001cc 802001cc        0     1                 
802001cc 802001cc        0     1                 
802001cc 802001cc        0     1                 
802001cc 802001cc        0     1                 
802001cc 802001cc        0     1                 
802001cc 802001cc       46     1                 delay
802001d6 802001d6        0     1                 
802001d6 802001d6        0     1                 
802001da 802001da        0     1                 
802001de 802001de        0     1                 .LBB1_1
802001de 802001de        0     1                 
802001ea 802001ea        0     1                 
802001f6 802001f6        0     1                 .LBB1_2
802001f6 802001f6        0     1                 
802001fc 802001fc        0     1                 .LBB1_3
802001fc 802001fc        0     1                 
80200206 80200206        0     1                 
8020020a 8020020a        0     1                 .LBB1_4
8020020a 8020020a        0     1                 
8020020e 8020020e        0     1                 
80200212 80200212        0     1                 
80200212 80200212        0     1                 
80200212 80200212        0     1                 
80200212 80200212       38     1                 proc_a_entry
8020021a 8020021a        0     1                 
80200224 80200224        0     1                 
80200228 80200228        0     1                 .LBB2_1
80200228 80200228        0     1                 
8020022c 8020022c        0     1                 
8020022e 8020022e        0     1                 
80200236 80200236        0     1                 
80200238 80200238        0     1                 
80200240 80200240        0     1                 
80200242 80200242        0     1                 
80200244 80200244        0     1                 
80200246 80200246        0     1                 
8020024a 8020024a        0     1                 
8020024a 8020024a        0     1                 
8020024a 8020024a        0     1                 
8020024a 8020024a        0     1                 
8020024a 8020024a        0     1                 
8020024a 8020024a       30     1                 putchar
80200256 80200256        0     1                 
8020025e 8020025e        0     1                 
80200276 80200276        0     1                 
8020027a 8020027a        0     1                 
8020027a 8020027a        0     1                 
8020027a 8020027a        0     1                 
8020027a 8020027a        0     1                 
8020027a 8020027a        0     1                 
8020027a 8020027a       46     1                 switch_context
802002c0 802002c0        0     1                 
802002c0 802002c0        0     1                 
802002c0 802002c0        0     1                 
802002c0 802002c0       38     1                 proc_b_entry
802002c8 802002c8        0     1                 
802002d2 802002d2        0     1                 
802002d6 802002d6        0     1                 .LBB5_1
802002d6 802002d6        0     1                 
802002da 802002da        0     1                 
802002dc 802002dc        0     1                 
802002e4 802002e4        0     1                 
802002e6 802002e6        0     1                 
802002ee 802002ee        0     1                 
802002f0 802002f0        0     1                 
802002f2 802002f2        0     1                 
802002f4 802002f4        0     1                 
802002f8 802002f8        0     1                 
802002f8 802002f8        0     1                 
802002f8 802002f8        0     1                 
802002f8 802002f8        0     1                 
802002f8 802002f8        0     1                 
802002f8 802002f8       66     1                 stat_printer
80200300 80200300        0     1                 
8020030c 8020030c        0     1                 
80200310 80200310        0     1                 
80200314 80200314        0     1                 .LBB6_1
80200314 80200314        0     1                 
80200320 80200320        0     1                 
8020032c 8020032c        0     1                 
80200338 80200338        0     1                 
80200342 80200342        0     1                 
80200344 80200344        0     1                 
8020034c 8020034c        0     1                 
8020034e 8020034e        0     1                 
80200356 80200356        0     1                 
80200358 80200358        0     1                 
8020035a 8020035a        0     1                 
8020035e 8020035e        0     1                 
8020035e 8020035e        0     1                 
8020035e 8020035e        0     1                 
8020035e 8020035e        0     1                 
8020035e 8020035e        0     1                 
8020035e 8020035e       78     1                 countdown_process
80200366 80200366        0     1                 
80200374 80200374        0     1                 
80200378 80200378        0     1                 
8020037c 8020037c        0     1                 .LBB7_1
8020037c 8020037c        0     1                 
80200380 80200380        0     1                 
8020038a 8020038a        0     1                 
80200394 80200394        0     1                 
80200398 80200398        0     1                 
802003a4 802003a4        0     1                 .LBB7_2
802003a4 802003a4        0     1                 
802003b2 802003b2        0     1                 
802003b6 802003b6        0     1                 
802003ba 802003ba        0     1                 .LBB7_3
802003ba 802003ba        0     1                 
802003bc 802003bc        0     1                 
802003c4 802003c4        0     1                 
802003c6 802003c6        0     1                 
802003ce 802003ce        0     1                 
802003d0 802003d0        0     1                 
802003d2 802003d2        0     1                 
802003d6 802003d6        0     1                 
802003d6 802003d6        0     1                 
802003d6 802003d6        0     1                 
802003d6 802003d6        0     1                 
802003d6 802003d6        0     1                 
802003d6 802003d6       b4     1                 sbi_call
802003fe 802003fe        0     1                 
80200402 80200402        0     1                 
80200406 80200406        0     1                 
8020040a 8020040a        0     1                 
8020040e 8020040e        0     1                 
80200412 80200412        0     1                 
80200416 80200416        0     1                 
8020041a 8020041a        0     1                 
8020041e 8020041e        0     1                 
80200422 80200422        0     1                 
80200426 80200426        0     1                 
8020042a 8020042a        0     1                 
8020042e 8020042e        0     1                 
80200432 80200432        0     1                 
80200436 80200436        0     1                 
8020043a 8020043a        0     1                 
8020043e 8020043e        0     1                 
80200442 80200442        0     1                 
80200446 80200446        0     1                 
8020044a 8020044a        0     1                 
8020044e 8020044e        0     1                 
80200452 80200452        0     1                 
80200456 80200456        0     1                 
8020045a 8020045a        0     1                 
8020045e 8020045e        0     1                 
8020046a 8020046a        0     1                 
8020046e 8020046e        0     1                 
80200472 80200472        0     1                 
80200476 80200476        0     1                 
8020047a 8020047a        0     1                 
80200486 80200486        0     1                 
8020048a 8020048a        0     1                 
8020048a 8020048a        0     1                 
8020048a 8020048a        0     1                 
8020048a 8020048a       72     1                 kernel_main
80200492 80200492        0     1                 
802004aa 802004aa        0     1                 
802004b4 802004b4        0     1                 
802004bc 802004bc        0     1                 
802004c6 802004c6        0     1                 
802004ce 802004ce        0     1                 
802004d8 802004d8        0     1                 
802004da 802004da        0     1                 
802004de 802004de        0     1                 .LBB9_1
802004de 802004de        0     1                 
802004f8 802004f8        0     1                 .LBB9_2
802004fc 802004fc        0     1                 
802004fc 802004fc        0     1                 
802004fc 802004fc        0     1                 
802004fc 802004fc        0     1                 
802004fc 802004fc        0     1                 
802004fc 802004fc       82     1                 handle_trap
80200508 80200508        0     1                 
80200508 80200508        0     1                 
8020051c 8020051c        0     1                 
80200520 80200520        0     1                 
80200520 80200520        0     1                 
80200534 80200534        0     1                 
80200538 80200538        0     1                 
80200538 80200538        0     1                 
8020054c 8020054c        0     1                 
80200550 80200550        0     1                 
80200554 80200554        0     1                 .LBB10_1
80200554 80200554        0     1                 
8020057a 8020057a        0     1                 .LBB10_2
8020057e 8020057e        0     1                 
8020057e 8020057e        0     1                 
80200580 80200580        0     1                 
80200580 80200580        0     1                 
80200580 80200580        0     1                 
80200580 80200580       96     1                 kernel_entry
80200616 80200616        0     1                 
80200616 80200616        0     1                 
80200616 80200616        0     1                 
80200616 80200616        0     1                 
80200616 80200616        0     1                 
80200616 80200616       80     1                 alloc_pages
80200622 80200622        0     1                 
8020062a 8020062a        0     1                 
8020062e 8020062e        0     1                 
80200632 80200632        0     1                 
80200636 80200636        0     1                 
80200640 80200640        0     1                 
80200644 80200644        0     1                 
8020064c 8020064c        0     1                 
80200658 80200658        0     1                 .LBB12_1
80200658 80200658        0     1                 
8020065c 8020065c        0     1                 .LBB12_2
8020065c 8020065c        0     1                 
80200676 80200676        0     1                 .LBB12_3
8020067a 8020067a        0     1                 .LBB12_4
8020067a 8020067a        0     1                 
8020067e 8020067e        0     1                 
80200682 80200682        0     1                 
80200688 80200688        0     1                 
8020068a 8020068a        0     1                 
80200692 80200692        0     1                 
80200696 80200696        0     1                 
80200696 80200696        0     1                 
80200696 80200696      454     2         /tmp/common-f5418c.o:(.text)
80200696 80200696        0     1                 
80200696 80200696        0     1                 
80200696 80200696        0     1                 $x.0
80200696 80200696        0     1                 
80200696 80200696       a2     1                 strcmp
802006a6 802006a6        0     1                 
802006aa 802006aa        0     1                 .LBB0_1
802006aa 802006aa        0     1                 
802006ae 802006ae        0     1                 
802006b8 802006b8        0     1                 
802006c2 802006c2        0     1                 .LBB0_2
802006c2 802006c2        0     1                 
802006c6 802006c6        0     1                 
802006ca 802006ca        0     1                 
802006d6 802006d6        0     1                 .LBB0_3
802006d6 802006d6        0     1                 
802006da 802006da        0     1                 
802006e6 802006e6        0     1                 .LBB0_4
802006e6 802006e6        0     1                 
802006ea 802006ea        0     1                 
802006ee 802006ee        0     1                 
802006f2 802006f2        0     1                 
802006f6 802006f6        0     1                 
80200702 80200702        0     1                 .LBB0_5
80200702 80200702        0     1                 
80200706 80200706        0     1                 .LBB0_6
80200706 80200706        0     1                 
80200710 80200710        0     1                 
8020071a 8020071a        0     1                 
8020071e 8020071e        0     1                 .LBB0_7
8020071e 8020071e        0     1                 
80200722 80200722        0     1                 
80200726 80200726        0     1                 
8020072a 8020072a        0     1                 
8020072e 8020072e        0     1                 
80200734 80200734        0     1                 
80200738 80200738        0     1                 
80200738 80200738        0     1                 
80200738 80200738        0     1                 
80200738 80200738       68     1                 strcpy
80200748 80200748        0     1                 
8020074c 8020074c        0     1                 
80200750 80200750        0     1                 
80200754 80200754        0     1                 .LBB1_1
80200754 80200754        0     1                 
80200758 80200758        0     1                 
8020075c 8020075c        0     1                 
80200766 80200766        0     1                 .LBB1_2
80200766 80200766        0     1                 
80200772 80200772        0     1                 
80200776 80200776        0     1                 
80200782 80200782        0     1                 
80200786 80200786        0     1                 
8020078a 8020078a        0     1                 .LBB1_3
8020078a 8020078a        0     1                 
80200790 80200790        0     1                 
80200794 80200794        0     1                 
8020079c 8020079c        0     1                 
802007a0 802007a0        0     1                 
802007a0 802007a0        0     1                 
802007a0 802007a0        0     1                 
802007a0 802007a0       5a     1                 memset
802007b4 802007b4        0     1                 
802007b8 802007b8        0     1                 
802007bc 802007bc        0     1                 
802007c0 802007c0        0     1                 .LBB2_1
802007c0 802007c0        0     1                 
802007cc 802007cc        0     1                 
802007d6 802007d6        0     1                 .LBB2_2
802007d6 802007d6        0     1                 
802007da 802007da        0     1                 
802007e6 802007e6        0     1                 
802007ea 802007ea        0     1                 
802007ee 802007ee        0     1                 .LBB2_3
802007ee 802007ee        0     1                 
802007f6 802007f6        0     1                 
802007fa 802007fa        0     1                 
802007fa 802007fa        0     1                 
802007fa 802007fa        0     1                 
802007fa 802007fa       6e     1                 memcpy
8020080e 8020080e        0     1                 
80200812 80200812        0     1                 
80200816 80200816        0     1                 
8020081a 8020081a        0     1                 
8020081e 8020081e        0     1                 
80200822 80200822        0     1                 .LBB3_1
80200822 80200822        0     1                 
8020082e 8020082e        0     1                 
80200838 80200838        0     1                 .LBB3_2
80200838 80200838        0     1                 
80200844 80200844        0     1                 
80200848 80200848        0     1                 
80200854 80200854        0     1                 
80200858 80200858        0     1                 
8020085c 8020085c        0     1                 .LBB3_3
8020085c 8020085c        0     1                 
80200864 80200864        0     1                 
80200868 80200868        0     1                 
80200868 80200868        0     1                 
80200868 80200868        0     1                 
80200868 80200868      282     1                 printf
8020088a 8020088a        0     1                 
8020088e 8020088e        0     1                 
80200892 80200892        0     1                 .LBB4_1
80200892 80200892        0     1                 
80200896 80200896        0     1                 
8020089a 8020089a        0     1                 
802008a4 802008a4        0     1                 .LBB4_2
802008a4 802008a4        0     1                 
802008a8 802008a8        0     1                 
802008b0 802008b0        0     1                 
802008bc 802008bc        0     1                 .LBB4_3
802008bc 802008bc        0     1                 
802008c6 802008c6        0     1                 
802008ca 802008ca        0     1                 
802008d2 802008d2        0     1                 
802008dc 802008dc        0     1                 .LBB4_4
802008dc 802008dc        0     1                 
802008e4 802008e4        0     1                 
802008f0 802008f0        0     1                 .LBB4_5
802008f0 802008f0        0     1                 
802008f8 802008f8        0     1                 
80200904 80200904        0     1                 .LBB4_6
80200904 80200904        0     1                 
8020090c 8020090c        0     1                 
80200918 80200918        0     1                 .LBB4_7
80200918 80200918        0     1                 
80200920 80200920        0     1                 
8020092c 8020092c        0     1                 .LBB4_8
8020092c 8020092c        0     1                 
80200930 80200930        0     1                 
80200932 80200932        0     1                 
80200936 80200936        0     1                 .LBB4_9
80200936 80200936        0     1                 
8020093a 8020093a        0     1                 
8020093c 8020093c        0     1                 
80200940 80200940        0     1                 .LBB4_10
80200940 80200940        0     1                 
80200940 80200940        0     1                 
8020094e 8020094e        0     1                 
80200952 80200952        0     1                 
80200956 80200956        0     1                 .LBB4_11
80200956 80200956        0     1                 
8020095a 8020095a        0     1                 
8020095e 8020095e        0     1                 
80200968 80200968        0     1                 .LBB4_12
80200968 80200968        0     1                 
8020096c 8020096c        0     1                 
80200970 80200970        0     1                 
80200972 80200972        0     1                 
8020097c 8020097c        0     1                 
80200980 80200980        0     1                 .LBB4_13
80200980 80200980        0     1                 
80200984 80200984        0     1                 .LBB4_14
80200984 80200984        0     1                 
80200984 80200984        0     1                 
80200992 80200992        0     1                 
80200996 80200996        0     1                 
8020099a 8020099a        0     1                 
8020099e 8020099e        0     1                 
802009a2 802009a2        0     1                 
802009ae 802009ae        0     1                 .LBB4_15
802009ae 802009ae        0     1                 
802009b2 802009b2        0     1                 
802009b4 802009b4        0     1                 
802009ba 802009ba        0     1                 
802009bc 802009bc        0     1                 
802009c0 802009c0        0     1                 
802009c4 802009c4        0     1                 .LBB4_16
802009c4 802009c4        0     1                 
802009c6 802009c6        0     1                 
802009ca 802009ca        0     1                 
802009ce 802009ce        0     1                 .LBB4_17
802009ce 802009ce        0     1                 
802009d2 802009d2        0     1                 
802009d6 802009d6        0     1                 
802009dc 802009dc        0     1                 
802009e8 802009e8        0     1                 .LBB4_18
802009e8 802009e8        0     1                 
802009f6 802009f6        0     1                 
802009fa 802009fa        0     1                 .LBB4_19
802009fa 802009fa        0     1                 
802009fe 802009fe        0     1                 .LBB4_20
802009fe 802009fe        0     1                 
80200a02 80200a02        0     1                 
80200a0c 80200a0c        0     1                 .LBB4_21
80200a0c 80200a0c        0     1                 
80200a10 80200a10        0     1                 
80200a14 80200a14        0     1                 
80200a18 80200a18        0     1                 
80200a1c 80200a1c        0     1                 
80200a22 80200a22        0     1                 
80200a26 80200a26        0     1                 
80200a32 80200a32        0     1                 
80200a48 80200a48        0     1                 
80200a4c 80200a4c        0     1                 .LBB4_22
80200a4c 80200a4c        0     1                 
80200a50 80200a50        0     1                 .LBB4_23
80200a50 80200a50        0     1                 
80200a50 80200a50        0     1                 
80200a5e 80200a5e        0     1                 
80200a64 80200a64        0     1                 
80200a64 80200a64        0     1                 
80200a68 80200a68        0     1                 
80200a6c 80200a6c        0     1                 .LBB4_24
80200a6c 80200a6c        0     1                 
80200a70 80200a70        0     1                 
80200a7c 80200a7c        0     1                 .LBB4_25
80200a7c 80200a7c        0     1                 
80200a7c 80200a7c        0     1                 
80200a80 80200a80        0     1                 
80200a84 80200a84        0     1                 
80200a86 80200a86        0     1                 
80200a8a 80200a8a        0     1                 
80200a8c 80200a8c        0     1                 
80200a90 80200a90        0     1                 
80200a94 80200a94        0     1                 
80200aa2 80200aa2        0     1                 
80200aa6 80200aa6        0     1                 
80200aaa 80200aaa        0     1                 .LBB4_26
80200aaa 80200aaa        0     1                 
80200aaa 80200aaa        0     1                 
80200ab4 80200ab4        0     1                 
80200ab8 80200ab8        0     1                 .LBB4_27
80200ab8 80200ab8        0     1                 
80200ab8 80200ab8        0     1                 
80200abc 80200abc        0     1                 .LBB4_28
80200abc 80200abc        0     1                 
80200ac0 80200ac0        0     1                 .LBB4_29
80200ac0 80200ac0        0     1                 
80200ac4 80200ac4        0     1                 
80200ac8 80200ac8        0     1                 
80200ad0 80200ad0        0     1                 .LBB4_30
80200ad0 80200ad0        0     1                 
80200ada 80200ada        0     1                 
80200ade 80200ade        0     1                 .LBB4_31
80200ae2 80200ae2        0     1                 .LBB4_32
80200ae2 80200ae2        0     1                 
80200ae2 80200ae2        0     1                 
80200ae6 80200ae6        0     1                 
80200aea 80200aea        0     1                 
80200aea 80200aea        0     1                 
80200aec 80200aec      186     4 .rodata
80200aec 80200aec      186     1         <internal>:(.rodata.str1.1)
80200c74 80200c74        4     4 .sdata
80200c74 80200c74        4     4         /tmp/kernel-aceac3.o:(.sdata)
80200c74 80200c74        4     1                 alloc_pages.next_paddr
80200c74 80200c74        0     1                 $d.5
80200c78 80200c78    10068     4 .bss
80200c78 80200c78        0     1         __bss = .
80200c78 80200c78    10060     4         /tmp/kernel-aceac3.o:(.bss)
80200c78 80200c78        0     1                 $d.2
80200c78 80200c78    10060     1                 procs
80210cd8 80210cd8        8     4         /tmp/kernel-aceac3.o:(.sbss)
80210cd8 80210cd8        0     1                 $d.4
80210cd8 80210cd8        4     1                 proc_a
80210cdc 80210cdc        4     1                 proc_b
80210ce0 80210ce0        0     1         __bss_end = .
80210ce0 80210ce0        0     1 . = ALIGN ( 4 )
80210ce0 80210ce0    20000     1 . += 128 * 1024
80230ce0 80230ce0        0     1 __stack_top = .
80230ce0 80230ce0      320     1 . = ALIGN ( 4096 )
80231000 80231000        0     1 __free_ram = .
80231000 80231000  4000000     1 . += 64 * 1024 * 1024
84231000 84231000        0     1 __free_ram_end = .
       0        0      24b     1 .debug_abbrev
       0        0      171     1         /tmp/kernel-aceac3.o:(.debug_abbrev)
       0        0        0     1                 $d.6
     171      171       da     1         /tmp/common-f5418c.o:(.debug_abbrev)
     171      171        0     1                 $d.2
       0        0      9a4     1 .debug_info
       0        0      703     1         /tmp/kernel-aceac3.o:(.debug_info)
       0        0        0     1                 $d.7
     703      703      2a1     1         /tmp/common-f5418c.o:(.debug_info)
     703      703        0     1                 $d.3
       0        0       18     1 .debug_ranges
       0        0       18     1         /tmp/kernel-aceac3.o:(.debug_ranges)
       0        0        0     1                 
       0        0        0     1                 $d.8
       0        0      2f0     1 .debug_str
       0        0      2f0     1         <internal>:(.debug_str)
       0        0       42     1 .comment
       0        0       42     1         <internal>:(.comment)
       0        0       2b     1 .riscv.attributes
       0        0       2b     1         <internal>:(.riscv.attributes)
       0        0      218     4 .debug_frame
       0        0      178     4         /tmp/kernel-aceac3.o:(.debug_frame)
       0        0        0     1                 
       0        0        0     1                 $d.12
     178      178       a0     4         /tmp/common-f5418c.o:(.debug_frame)
     178      178        0     1                 
     178      178        0     1                 $d.7
       0        0      cc9     1 .debug_line
       0        0      725     1         /tmp/kernel-aceac3.o:(.debug_line)
       0        0        0     1                 .Lline_table_start0
       0        0        0     1                 $d.13
     725      725      5a4     1         /tmp/common-f5418c.o:(.debug_line)
     725      725        0     1                 .Lline_table_start0
     725      725        0     1                 $d.8
       0        0     2770     4 .symtab
       0        0     2770     4         <internal>:(.symtab)
       0        0       9c     1 .shstrtab
       0        0       9c     1         <internal>:(.shstrtab)
       0        0      1b2     1 .strtab
       0        0      1b2     1         <internal>:(.strtab)
